exports[`Toolbar renders correctly 1`] = `
<div
  class="dliIIp">
  <div
    class="jstwKs">
    <button
      class="bEIpTZ">
      1
    </button>
  </div>
  <div
    class="ePIabG" />
  <div
    class="dbmnmg" />
  <div
    class="jstwKs">
    <button
      class="bEIpTZ">
      2
    </button>
  </div>
</div>
`;

exports[`Toolbar renders with props 1`] = `
<div
  class="jRvQMY" />
`;
