exports[`Toolbar renders correctly 1`] = `
<div
  class="kqvAuO">
  <button
    class="bvfheR">
    1
  </button>
  <div
    class="ePIabG" />
  <div
    class="dbmnmg" />
  <button
    class="bvfheR">
    2
  </button>
</div>
`;

exports[`Toolbar renders with props 1`] = `
<div
  class="fYmkLJ" />
`;
