exports[`Toolbar renders correctly 1`] = `
<div
  class="kZDSMO">
  <button
    class="gsWsbv">
    1
  </button>
  <div
    class="ePIabG" />
  <div
    class="dbmnmg" />
  <button
    class="gsWsbv">
    2
  </button>
</div>
`;

exports[`Toolbar renders with props 1`] = `
<div
  class="hpWbOc" />
`;
